---
source: src/parser.rs
assertion_line: 406
expression: "parse_to_tree(\"\n            if lt(i, 2) {\n               mstore(i, 1)\n            }\n            \")"

---
AST
└╼ if statement
  └╼ conditional
    ├╼ lt(unknown, unknown): 
    │ ├╼ var - i:unknown
    │ └╼ 2:unknown
    └╼ mstore(unknown, unknown): 
      ├╼ var - i:unknown
      └╼ 1:unknown
