---
source: src/parser.rs
assertion_line: 418
expression: "parse_to_tree(\"\n            function allocate_unbounded() -> memPtr {\n                memPtr := mload(64)\n            }\")"

---
AST
└╼ function definition - allocate_unbounded
  ├╼ params
  ├╼ returns
  │ └╼ memPtr
  └╼ body
    └╼ assign - memPtr
      └╼ mload()
        └╼ 64
